Archive member included to satisfy reference by file (symbol)

c:/st/stm32cubeide_1.4.0/stm32cubeide/plugins/com.st.stm32cube.ide.mcu.externaltools.gnu-tools-for-stm32.7-2018-q2-update.win32_1.4.0.202007081208/tools/bin/../lib/gcc/arm-none-eabi/7.3.1/../../../../arm-none-eabi/lib/thumb/v7e-m/fpv4-sp/hard\libc_nano.a(lib_a-errno.o)
                              Core/Src/syscalls.o (__errno)
c:/st/stm32cubeide_1.4.0/stm32cubeide/plugins/com.st.stm32cube.ide.mcu.externaltools.gnu-tools-for-stm32.7-2018-q2-update.win32_1.4.0.202007081208/tools/bin/../lib/gcc/arm-none-eabi/7.3.1/../../../../arm-none-eabi/lib/thumb/v7e-m/fpv4-sp/hard\libc_nano.a(lib_a-exit.o)
                              c:/st/stm32cubeide_1.4.0/stm32cubeide/plugins/com.st.stm32cube.ide.mcu.externaltools.gnu-tools-for-stm32.7-2018-q2-update.win32_1.4.0.202007081208/tools/bin/../lib/gcc/arm-none-eabi/7.3.1/../../../../arm-none-eabi/lib/thumb/v7e-m/fpv4-sp/hard/crt0.o (exit)
c:/st/stm32cubeide_1.4.0/stm32cubeide/plugins/com.st.stm32cube.ide.mcu.externaltools.gnu-tools-for-stm32.7-2018-q2-update.win32_1.4.0.202007081208/tools/bin/../lib/gcc/arm-none-eabi/7.3.1/../../../../arm-none-eabi/lib/thumb/v7e-m/fpv4-sp/hard\libc_nano.a(lib_a-impure.o)
                              c:/st/stm32cubeide_1.4.0/stm32cubeide/plugins/com.st.stm32cube.ide.mcu.externaltools.gnu-tools-for-stm32.7-2018-q2-update.win32_1.4.0.202007081208/tools/bin/../lib/gcc/arm-none-eabi/7.3.1/../../../../arm-none-eabi/lib/thumb/v7e-m/fpv4-sp/hard\libc_nano.a(lib_a-exit.o) (_global_impure_ptr)
c:/st/stm32cubeide_1.4.0/stm32cubeide/plugins/com.st.stm32cube.ide.mcu.externaltools.gnu-tools-for-stm32.7-2018-q2-update.win32_1.4.0.202007081208/tools/bin/../lib/gcc/arm-none-eabi/7.3.1/../../../../arm-none-eabi/lib/thumb/v7e-m/fpv4-sp/hard\libc_nano.a(lib_a-init.o)
                              c:/st/stm32cubeide_1.4.0/stm32cubeide/plugins/com.st.stm32cube.ide.mcu.externaltools.gnu-tools-for-stm32.7-2018-q2-update.win32_1.4.0.202007081208/tools/bin/../lib/gcc/arm-none-eabi/7.3.1/../../../../arm-none-eabi/lib/thumb/v7e-m/fpv4-sp/hard/crt0.o (__libc_init_array)
c:/st/stm32cubeide_1.4.0/stm32cubeide/plugins/com.st.stm32cube.ide.mcu.externaltools.gnu-tools-for-stm32.7-2018-q2-update.win32_1.4.0.202007081208/tools/bin/../lib/gcc/arm-none-eabi/7.3.1/../../../../arm-none-eabi/lib/thumb/v7e-m/fpv4-sp/hard\libc_nano.a(lib_a-malloc.o)
                              Core/Src/systick_timer.o (malloc)
c:/st/stm32cubeide_1.4.0/stm32cubeide/plugins/com.st.stm32cube.ide.mcu.externaltools.gnu-tools-for-stm32.7-2018-q2-update.win32_1.4.0.202007081208/tools/bin/../lib/gcc/arm-none-eabi/7.3.1/../../../../arm-none-eabi/lib/thumb/v7e-m/fpv4-sp/hard\libc_nano.a(lib_a-memset.o)
                              c:/st/stm32cubeide_1.4.0/stm32cubeide/plugins/com.st.stm32cube.ide.mcu.externaltools.gnu-tools-for-stm32.7-2018-q2-update.win32_1.4.0.202007081208/tools/bin/../lib/gcc/arm-none-eabi/7.3.1/../../../../arm-none-eabi/lib/thumb/v7e-m/fpv4-sp/hard/crt0.o (memset)
c:/st/stm32cubeide_1.4.0/stm32cubeide/plugins/com.st.stm32cube.ide.mcu.externaltools.gnu-tools-for-stm32.7-2018-q2-update.win32_1.4.0.202007081208/tools/bin/../lib/gcc/arm-none-eabi/7.3.1/../../../../arm-none-eabi/lib/thumb/v7e-m/fpv4-sp/hard\libc_nano.a(lib_a-nano-freer.o)
                              c:/st/stm32cubeide_1.4.0/stm32cubeide/plugins/com.st.stm32cube.ide.mcu.externaltools.gnu-tools-for-stm32.7-2018-q2-update.win32_1.4.0.202007081208/tools/bin/../lib/gcc/arm-none-eabi/7.3.1/../../../../arm-none-eabi/lib/thumb/v7e-m/fpv4-sp/hard\libc_nano.a(lib_a-malloc.o) (_free_r)
c:/st/stm32cubeide_1.4.0/stm32cubeide/plugins/com.st.stm32cube.ide.mcu.externaltools.gnu-tools-for-stm32.7-2018-q2-update.win32_1.4.0.202007081208/tools/bin/../lib/gcc/arm-none-eabi/7.3.1/../../../../arm-none-eabi/lib/thumb/v7e-m/fpv4-sp/hard\libc_nano.a(lib_a-nano-mallocr.o)
                              c:/st/stm32cubeide_1.4.0/stm32cubeide/plugins/com.st.stm32cube.ide.mcu.externaltools.gnu-tools-for-stm32.7-2018-q2-update.win32_1.4.0.202007081208/tools/bin/../lib/gcc/arm-none-eabi/7.3.1/../../../../arm-none-eabi/lib/thumb/v7e-m/fpv4-sp/hard\libc_nano.a(lib_a-malloc.o) (_malloc_r)
c:/st/stm32cubeide_1.4.0/stm32cubeide/plugins/com.st.stm32cube.ide.mcu.externaltools.gnu-tools-for-stm32.7-2018-q2-update.win32_1.4.0.202007081208/tools/bin/../lib/gcc/arm-none-eabi/7.3.1/../../../../arm-none-eabi/lib/thumb/v7e-m/fpv4-sp/hard\libc_nano.a(lib_a-sbrkr.o)
                              c:/st/stm32cubeide_1.4.0/stm32cubeide/plugins/com.st.stm32cube.ide.mcu.externaltools.gnu-tools-for-stm32.7-2018-q2-update.win32_1.4.0.202007081208/tools/bin/../lib/gcc/arm-none-eabi/7.3.1/../../../../arm-none-eabi/lib/thumb/v7e-m/fpv4-sp/hard\libc_nano.a(lib_a-nano-mallocr.o) (_sbrk_r)
[...]
Memory Configuration

Name             Origin             Length             Attributes
CCMRAM           0x0000000010000000 0x0000000000010000 xrw
RAM              0x0000000020000000 0x0000000000020000 xrw
FLASH            0x0000000008000000 0x0000000000100000 xr
*default*        0x0000000000000000 0xffffffffffffffff

Linker script and memory map

LOAD c:/st/stm32cubeide_1.4.0/stm32cubeide/plugins/com.st.stm32cube.ide.mcu.externaltools.gnu-tools-for-stm32.7-2018-q2-update.win32_1.4.0.202007081208/tools/bin/../lib/gcc/arm-none-eabi/7.3.1/thumb/v7e-m/fpv4-sp/hard/crti.o
LOAD c:/st/stm32cubeide_1.4.0/stm32cubeide/plugins/com.st.stm32cube.ide.mcu.externaltools.gnu-tools-for-stm32.7-2018-q2-update.win32_1.4.0.202007081208/tools/bin/../lib/gcc/arm-none-eabi/7.3.1/thumb/v7e-m/fpv4-sp/hard/crtbegin.o
LOAD c:/st/stm32cubeide_1.4.0/stm32cubeide/plugins/com.st.stm32cube.ide.mcu.externaltools.gnu-tools-for-stm32.7-2018-q2-update.win32_1.4.0.202007081208/tools/bin/../lib/gcc/arm-none-eabi/7.3.1/../../../../arm-none-eabi/lib/thumb/v7e-m/fpv4-sp/hard/crt0.o
LOAD Core/Src/Peripheral_Init.o
LOAD Core/Src/frame.o
LOAD Core/Src/gpioconfig.o
LOAD Core/Src/gsm.o
LOAD Core/Src/main.o
LOAD Core/Src/stm32f4xx_hal_msp.o
LOAD Core/Src/stm32f4xx_it.o
LOAD Core/Src/string_operations.o
LOAD Core/Src/syscalls.o
LOAD Core/Src/sysmem.o
LOAD Core/Src/system_stm32f4xx.o
LOAD Core/Src/systick_timer.o
LOAD Core/Startup/startup_stm32f407vgtx.o
LOAD Drivers/STM32F4xx_HAL_Driver/Src/stm32f4xx_hal.o
LOAD Drivers/STM32F4xx_HAL_Driver/Src/stm32f4xx_hal_cortex.o
LOAD Drivers/STM32F4xx_HAL_Driver/Src/stm32f4xx_hal_dma.o
LOAD Drivers/STM32F4xx_HAL_Driver/Src/stm32f4xx_hal_dma_ex.o
LOAD Drivers/STM32F4xx_HAL_Driver/Src/stm32f4xx_hal_exti.o
LOAD Drivers/STM32F4xx_HAL_Driver/Src/stm32f4xx_hal_flash.o
LOAD Drivers/STM32F4xx_HAL_Driver/Src/stm32f4xx_hal_flash_ex.o
LOAD Drivers/STM32F4xx_HAL_Driver/Src/stm32f4xx_hal_flash_ramfunc.o
LOAD Drivers/STM32F4xx_HAL_Driver/Src/stm32f4xx_hal_gpio.o
LOAD Drivers/STM32F4xx_HAL_Driver/Src/stm32f4xx_hal_pwr.o
LOAD Drivers/STM32F4xx_HAL_Driver/Src/stm32f4xx_hal_pwr_ex.o
LOAD Drivers/STM32F4xx_HAL_Driver/Src/stm32f4xx_hal_rcc.o
LOAD Drivers/STM32F4xx_HAL_Driver/Src/stm32f4xx_hal_rcc_ex.o
LOAD Drivers/STM32F4xx_HAL_Driver/Src/stm32f4xx_hal_tim.o
LOAD Drivers/STM32F4xx_HAL_Driver/Src/stm32f4xx_hal_tim_ex.o
LOAD Drivers/STM32F4xx_HAL_Driver/Src/stm32f4xx_hal_uart.o
START GROUP
LOAD c:/st/stm32cubeide_1.4.0/stm32cubeide/plugins/com.st.stm32cube.ide.mcu.externaltools.gnu-tools-for-stm32.7-2018-q2-update.win32_1.4.0.202007081208/tools/bin/../lib/gcc/arm-none-eabi/7.3.1/../../../../arm-none-eabi/lib/thumb/v7e-m/fpv4-sp/hard\libc_nano.a
LOAD c:/st/stm32cubeide_1.4.0/stm32cubeide/plugins/com.st.stm32cube.ide.mcu.externaltools.gnu-tools-for-stm32.7-2018-q2-update.win32_1.4.0.202007081208/tools/bin/../lib/gcc/arm-none-eabi/7.3.1/../../../../arm-none-eabi/lib/thumb/v7e-m/fpv4-sp/hard\libm.a
END GROUP
START GROUP
LOAD c:/st/stm32cubeide_1.4.0/stm32cubeide/plugins/com.st.stm32cube.ide.mcu.externaltools.gnu-tools-for-stm32.7-2018-q2-update.win32_1.4.0.202007081208/tools/bin/../lib/gcc/arm-none-eabi/7.3.1/thumb/v7e-m/fpv4-sp/hard\libgcc.a
LOAD c:/st/stm32cubeide_1.4.0/stm32cubeide/plugins/com.st.stm32cube.ide.mcu.externaltools.gnu-tools-for-stm32.7-2018-q2-update.win32_1.4.0.202007081208/tools/bin/../lib/gcc/arm-none-eabi/7.3.1/../../../../arm-none-eabi/lib/thumb/v7e-m/fpv4-sp/hard\libc_nano.a
END GROUP
START GROUP
LOAD c:/st/stm32cubeide_1.4.0/stm32cubeide/plugins/com.st.stm32cube.ide.mcu.externaltools.gnu-tools-for-stm32.7-2018-q2-update.win32_1.4.0.202007081208/tools/bin/../lib/gcc/arm-none-eabi/7.3.1/thumb/v7e-m/fpv4-sp/hard\libgcc.a
LOAD c:/st/stm32cubeide_1.4.0/stm32cubeide/plugins/com.st.stm32cube.ide.mcu.externaltools.gnu-tools-for-stm32.7-2018-q2-update.win32_1.4.0.202007081208/tools/bin/../lib/gcc/arm-none-eabi/7.3.1/../../../../arm-none-eabi/lib/thumb/v7e-m/fpv4-sp/hard\libc_nano.a
LOAD c:/st/stm32cubeide_1.4.0/stm32cubeide/plugins/com.st.stm32cube.ide.mcu.externaltools.gnu-tools-for-stm32.7-2018-q2-update.win32_1.4.0.202007081208/tools/bin/../lib/gcc/arm-none-eabi/7.3.1/../../../../arm-none-eabi/lib/thumb/v7e-m/fpv4-sp/hard\libnosys.a
END GROUP
START GROUP
LOAD c:/st/stm32cubeide_1.4.0/stm32cubeide/plugins/com.st.stm32cube.ide.mcu.externaltools.gnu-tools-for-stm32.7-2018-q2-update.win32_1.4.0.202007081208/tools/bin/../lib/gcc/arm-none-eabi/7.3.1/thumb/v7e-m/fpv4-sp/hard\libgcc.a
LOAD c:/st/stm32cubeide_1.4.0/stm32cubeide/plugins/com.st.stm32cube.ide.mcu.externaltools.gnu-tools-for-stm32.7-2018-q2-update.win32_1.4.0.202007081208/tools/bin/../lib/gcc/arm-none-eabi/7.3.1/../../../../arm-none-eabi/lib/thumb/v7e-m/fpv4-sp/hard\libc_nano.a
LOAD c:/st/stm32cubeide_1.4.0/stm32cubeide/plugins/com.st.stm32cube.ide.mcu.externaltools.gnu-tools-for-stm32.7-2018-q2-update.win32_1.4.0.202007081208/tools/bin/../lib/gcc/arm-none-eabi/7.3.1/../../../../arm-none-eabi/lib/thumb/v7e-m/fpv4-sp/hard\libnosys.a
END GROUP
LOAD c:/st/stm32cubeide_1.4.0/stm32cubeide/plugins/com.st.stm32cube.ide.mcu.externaltools.gnu-tools-for-stm32.7-2018-q2-update.win32_1.4.0.202007081208/tools/bin/../lib/gcc/arm-none-eabi/7.3.1/thumb/v7e-m/fpv4-sp/hard/crtend.o
LOAD c:/st/stm32cubeide_1.4.0/stm32cubeide/plugins/com.st.stm32cube.ide.mcu.externaltools.gnu-tools-for-stm32.7-2018-q2-update.win32_1.4.0.202007081208/tools/bin/../lib/gcc/arm-none-eabi/7.3.1/thumb/v7e-m/fpv4-sp/hard/crtn.o
                0x0000000020020000                _estack = (ORIGIN (RAM) + LENGTH (RAM))
                0x0000000000000200                _Min_Heap_Size = 0x200
                0x0000000000000400                _Min_Stack_Size = 0x400

.isr_vector     0x0000000008000000      0x188
                0x0000000008000000                . = ALIGN (0x4)
 *(.isr_vector)
 .isr_vector    0x0000000008000000      0x188 Core/Startup/startup_stm32f407vgtx.o
                0x0000000008000000                g_pfnVectors
                0x0000000008000188                . = ALIGN (0x4)

.text           0x0000000008000188     0x3368
                0x0000000008000188                . = ALIGN (0x4)
 *(.text)
 .text          0x0000000008000188       0x40 c:/st/stm32cubeide_1.4.0/stm32cubeide/plugins/com.st.stm32cube.ide.mcu.externaltools.gnu-tools-for-stm32.7-2018-q2-update.win32_1.4.0.202007081208/tools/bin/../lib/gcc/arm-none-eabi/7.3.1/thumb/v7e-m/fpv4-sp/hard/crtbegin.o
 .text          0x00000000080001c8       0x30 c:/st/stm32cubeide_1.4.0/stm32cubeide/plugins/com.st.stm32cube.ide.mcu.externaltools.gnu-tools-for-stm32.7-2018-q2-update.win32_1.4.0.202007081208/tools/bin/../lib/gcc/arm-none-eabi/7.3.1/thumb/v7e-m/fpv4-sp/hard\libgcc.a(_aeabi_uldivmod.o)
                0x00000000080001c8                __aeabi_uldivmod
 .text          0x00000000080001f8      0x2cc c:/st/stm32cubeide_1.4.0/stm32cubeide/plugins/com.st.stm32cube.ide.mcu.externaltools.gnu-tools-for-stm32.7-2018-q2-update.win32_1.4.0.202007081208/tools/bin/../lib/gcc/arm-none-eabi/7.3.1/thumb/v7e-m/fpv4-sp/hard\libgcc.a(_udivmoddi4.o)
                0x00000000080001f8                __udivmoddi4
 .text          0x00000000080004c4        0x4 c:/st/stm32cubeide_1.4.0/stm32cubeide/plugins/com.st.stm32cube.ide.mcu.externaltools.gnu-tools-for-stm32.7-2018-q2-update.win32_1.4.0.202007081208/tools/bin/../lib/gcc/arm-none-eabi/7.3.1/thumb/v7e-m/fpv4-sp/hard\libgcc.a(_dvmd_tls.o)
                0x00000000080004c4                __aeabi_idiv0
                0x00000000080004c4                __aeabi_ldiv0
 *(.text*)
 .text.PeripheralInit
                0x00000000080004c8       0x10 Core/Src/Peripheral_Init.o
                0x00000000080004c8                PeripheralInit
 .text.gsm_init
                0x00000000080004d8       0x20 Core/Src/Peripheral_Init.o
                0x00000000080004d8                gsm_init
 .text.MX_GPIO_Init
                0x00000000080004f8      0x1fc Core/Src/Peripheral_Init.o
                0x00000000080004f8                MX_GPIO_Init
 .text.MX_USART2_UART_Init
                0x00000000080006f4       0x54 Core/Src/Peripheral_Init.o
                0x00000000080006f4                MX_USART2_UART_Init
 .text.Send_AT_Command
                0x0000000008000748       0xa4 Core/Src/gsm.o
                0x0000000008000748                Send_AT_Command
 .text.gsm_ccid
                0x00000000080007ec       0x98 Core/Src/gsm.o
                0x00000000080007ec                gsm_ccid
 .text.gsm_imsi
                0x0000000008000884       0x90 Core/Src/gsm.o
                0x0000000008000884                gsm_imsi
 .text.gsm_imei
                0x0000000008000914       0x90 Core/Src/gsm.o
                0x0000000008000914                gsm_imei
 .text.network_signal_strength
                0x00000000080009a4       0x98 Core/Src/gsm.o
                0x00000000080009a4                network_signal_strength
 .text.cops     0x0000000008000a3c       0x5c Core/Src/gsm.o
                0x0000000008000a3c                cops
 .text.copn     0x0000000008000a98       0x5c Core/Src/gsm.o
                0x0000000008000a98                copn
 .text.serverdata
                0x0000000008000af4       0x5c Core/Src/gsm.o
                0x0000000008000af4                serverdata
 .text.cnbp     0x0000000008000b50       0x5c Core/Src/gsm.o
                0x0000000008000b50                cnbp
 .text.gsm_data
                0x0000000008000bac       0x10 Core/Src/gsm.o
                0x0000000008000bac                gsm_data
 .text.VerifyResponseCommand
                0x0000000008000bbc       0x16 Core/Src/gsm.o
                0x0000000008000bbc                VerifyResponseCommand
 .text.jump_char_fixed
                0x0000000008000bd2       0x2a Core/Src/gsm.o
                0x0000000008000bd2                jump_char_fixed
 .text.gsmtask  0x0000000008000bfc      0x488 Core/Src/gsm.o
                0x0000000008000bfc                gsmtask
 .text.HAL_UART_RxCpltCallback
                0x0000000008001084       0x64 Core/Src/gsm.o
                0x0000000008001084                HAL_UART_RxCpltCallback
 .text.main     0x00000000080010e8        0xe Core/Src/main.o
                0x00000000080010e8                main
 *fill*         0x00000000080010f6        0x2 
 .text.SystemClock_Config
                0x00000000080010f8       0xbc Core/Src/main.o
                0x00000000080010f8                SystemClock_Config
 .text.Error_Handler
                0x00000000080011b4        0xe Core/Src/main.o
                0x00000000080011b4                Error_Handler
 *fill*         0x00000000080011c2        0x2 
 .text.HAL_UART_MspInit
                0x00000000080011c4       0xa0 Core/Src/stm32f4xx_hal_msp.o
                0x00000000080011c4                HAL_UART_MspInit
 .text.NMI_Handler
                0x0000000008001264        0xe Core/Src/stm32f4xx_it.o
                0x0000000008001264                NMI_Handler
 .text.HardFault_Handler
                0x0000000008001272        0x6 Core/Src/stm32f4xx_it.o
                0x0000000008001272                HardFault_Handler
 .text.MemManage_Handler
                0x0000000008001278        0x6 Core/Src/stm32f4xx_it.o
                0x0000000008001278                MemManage_Handler
 .text.BusFault_Handler
                0x000000000800127e        0x6 Core/Src/stm32f4xx_it.o
                0x000000000800127e                BusFault_Handler
 .text.UsageFault_Handler
                0x0000000008001284        0x6 Core/Src/stm32f4xx_it.o
                0x0000000008001284                UsageFault_Handler
 .text.SVC_Handler
                0x000000000800128a        0xe Core/Src/stm32f4xx_it.o
                0x000000000800128a                SVC_Handler
 .text.DebugMon_Handler
                0x0000000008001298        0xe Core/Src/stm32f4xx_it.o
                0x0000000008001298                DebugMon_Handler
 .text.PendSV_Handler
                0x00000000080012a6        0xe Core/Src/stm32f4xx_it.o
                0x00000000080012a6                PendSV_Handler
 .text.SysTick_Handler
                0x00000000080012b4        0xc Core/Src/stm32f4xx_it.o
                0x00000000080012b4                SysTick_Handler
 .text.USART2_IRQHandler
                0x00000000080012c0       0x18 Core/Src/stm32f4xx_it.o
                0x00000000080012c0                USART2_IRQHandler
 .text._sbrk    0x00000000080012d8       0x6c Core/Src/sysmem.o
                0x00000000080012d8                _sbrk
 .text.SystemInit
                0x0000000008001344       0x2c Core/Src/system_stm32f4xx.o
                0x0000000008001344                SystemInit
 .text.searchTimerId
                0x0000000008001370       0x48 Core/Src/systick_timer.o
                0x0000000008001370                searchTimerId
 .text.addTimer
                0x00000000080013b8       0x74 Core/Src/systick_timer.o
                0x00000000080013b8                addTimer
 .text.startTimer
                0x000000000800142c       0x80 Core/Src/systick_timer.o
                0x000000000800142c                startTimer
 .text.stopTimer
                0x00000000080014ac       0x4c Core/Src/systick_timer.o
                0x00000000080014ac                stopTimer
 .text.isTimerComplete
                0x00000000080014f8       0x58 Core/Src/systick_timer.o
                0x00000000080014f8                isTimerComplete
 .text.Reset_Handler
                0x0000000008001550       0x50 Core/Startup/startup_stm32f407vgtx.o
                0x0000000008001550                Reset_Handler
 .text.Default_Handler
                0x00000000080015a0        0x2 Core/Startup/startup_stm32f407vgtx.o
                0x00000000080015a0                RTC_Alarm_IRQHandler
                0x00000000080015a0                HASH_RNG_IRQHandler
                0x00000000080015a0                EXTI2_IRQHandler
                0x00000000080015a0                TIM8_CC_IRQHandler
                0x00000000080015a0                TIM1_CC_IRQHandler
                0x00000000080015a0                DMA2_Stream5_IRQHandler
                0x00000000080015a0                DMA1_Stream5_IRQHandler
                0x00000000080015a0                PVD_IRQHandler
                0x00000000080015a0                SDIO_IRQHandler
                0x00000000080015a0                TAMP_STAMP_IRQHandler
                0x00000000080015a0                CAN2_RX1_IRQHandler
                0x00000000080015a0                EXTI3_IRQHandler
                0x00000000080015a0                TIM8_TRG_COM_TIM14_IRQHandler
                0x00000000080015a0                TIM1_UP_TIM10_IRQHandler
                0x00000000080015a0                TIM8_UP_TIM13_IRQHandler
                0x00000000080015a0                I2C3_ER_IRQHandler
                0x00000000080015a0                EXTI0_IRQHandler
                0x00000000080015a0                I2C2_EV_IRQHandler
                0x00000000080015a0                DMA1_Stream2_IRQHandler
                0x00000000080015a0                CAN1_RX0_IRQHandler
                0x00000000080015a0                FPU_IRQHandler
                0x00000000080015a0                OTG_HS_WKUP_IRQHandler
                0x00000000080015a0                CAN2_SCE_IRQHandler
                0x00000000080015a0                DMA2_Stream2_IRQHandler
                0x00000000080015a0                SPI1_IRQHandler
                0x00000000080015a0                TIM6_DAC_IRQHandler
                0x00000000080015a0                TIM1_BRK_TIM9_IRQHandler
                0x00000000080015a0                DCMI_IRQHandler
                0x00000000080015a0                CAN2_RX0_IRQHandler
                0x00000000080015a0                DMA2_Stream3_IRQHandler
                0x00000000080015a0                USART6_IRQHandler
                0x00000000080015a0                USART3_IRQHandler
                0x00000000080015a0                CAN1_RX1_IRQHandler
                0x00000000080015a0                UART5_IRQHandler
                0x00000000080015a0                DMA2_Stream0_IRQHandler
                0x00000000080015a0                TIM4_IRQHandler
                0x00000000080015a0                I2C1_EV_IRQHandler
                0x00000000080015a0                DMA1_Stream6_IRQHandler
                0x00000000080015a0                DMA1_Stream1_IRQHandler
                0x00000000080015a0                UART4_IRQHandler
                0x00000000080015a0                TIM3_IRQHandler
                0x00000000080015a0                RCC_IRQHandler
                0x00000000080015a0                TIM8_BRK_TIM12_IRQHandler
                0x00000000080015a0                Default_Handler
                0x00000000080015a0                EXTI15_10_IRQHandler
                0x00000000080015a0                ADC_IRQHandler
                0x00000000080015a0                DMA1_Stream7_IRQHandler
                0x00000000080015a0                TIM7_IRQHandler
                0x00000000080015a0                CAN2_TX_IRQHandler
                0x00000000080015a0                TIM5_IRQHandler
                0x00000000080015a0                DMA2_Stream7_IRQHandler
                0x00000000080015a0                I2C3_EV_IRQHandler
                0x00000000080015a0                EXTI9_5_IRQHandler
                0x00000000080015a0                RTC_WKUP_IRQHandler
                0x00000000080015a0                ETH_WKUP_IRQHandler
                0x00000000080015a0                SPI2_IRQHandler
                0x00000000080015a0                OTG_HS_EP1_IN_IRQHandler
                0x00000000080015a0                DMA1_Stream0_IRQHandler
                0x00000000080015a0                CAN1_TX_IRQHandler
                0x00000000080015a0                EXTI4_IRQHandler
                0x00000000080015a0                FSMC_IRQHandler
                0x00000000080015a0                ETH_IRQHandler
                0x00000000080015a0                OTG_HS_EP1_OUT_IRQHandler
                0x00000000080015a0                WWDG_IRQHandler
                0x00000000080015a0                TIM2_IRQHandler
                0x00000000080015a0                OTG_FS_WKUP_IRQHandler
                0x00000000080015a0                TIM1_TRG_COM_TIM11_IRQHandler
                0x00000000080015a0                OTG_HS_IRQHandler
                0x00000000080015a0                EXTI1_IRQHandler
                0x00000000080015a0                I2C2_ER_IRQHandler
                0x00000000080015a0                DMA2_Stream1_IRQHandler
                0x00000000080015a0                CAN1_SCE_IRQHandler
                0x00000000080015a0                FLASH_IRQHandler
                0x00000000080015a0                DMA2_Stream4_IRQHandler
                0x00000000080015a0                USART1_IRQHandler
                0x00000000080015a0                OTG_FS_IRQHandler
                0x00000000080015a0                SPI3_IRQHandler
                0x00000000080015a0                DMA1_Stream4_IRQHandler
                0x00000000080015a0                I2C1_ER_IRQHandler
                0x00000000080015a0                DMA2_Stream6_IRQHandler
                0x00000000080015a0                DMA1_Stream3_IRQHandler
 *fill*         0x00000000080015a2        0x2 
 .text.HAL_InitTick
                0x00000000080015a4       0x60 Drivers/STM32F4xx_HAL_Driver/Src/stm32f4xx_hal.o
                0x00000000080015a4                HAL_InitTick
 .text.HAL_IncTick
                0x0000000008001604       0x28 Drivers/STM32F4xx_HAL_Driver/Src/stm32f4xx_hal.o
                0x0000000008001604                HAL_IncTick
 .text.HAL_GetTick
                0x000000000800162c       0x18 Drivers/STM32F4xx_HAL_Driver/Src/stm32f4xx_hal.o
                0x000000000800162c                HAL_GetTick
 .text.HAL_Delay
                0x0000000008001644       0x44 Drivers/STM32F4xx_HAL_Driver/Src/stm32f4xx_hal.o
                0x0000000008001644                HAL_Delay
 .text.__NVIC_GetPriorityGrouping
                0x0000000008001688       0x1c Drivers/STM32F4xx_HAL_Driver/Src/stm32f4xx_hal_cortex.o
 .text.__NVIC_EnableIRQ
                0x00000000080016a4       0x3c Drivers/STM32F4xx_HAL_Driver/Src/stm32f4xx_hal_cortex.o
 .text.__NVIC_ClearPendingIRQ
                0x00000000080016e0       0x3c Drivers/STM32F4xx_HAL_Driver/Src/stm32f4xx_hal_cortex.o
 .text.__NVIC_SetPriority
                0x000000000800171c       0x54 Drivers/STM32F4xx_HAL_Driver/Src/stm32f4xx_hal_cortex.o
 .text.NVIC_EncodePriority
                0x0000000008001770       0x66 Drivers/STM32F4xx_HAL_Driver/Src/stm32f4xx_hal_cortex.o
 *fill*         0x00000000080017d6        0x2 
 .text.SysTick_Config
                0x00000000080017d8       0x44 Drivers/STM32F4xx_HAL_Driver/Src/stm32f4xx_hal_cortex.o
 .text.HAL_NVIC_SetPriority
                0x000000000800181c       0x38 Drivers/STM32F4xx_HAL_Driver/Src/stm32f4xx_hal_cortex.o
                0x000000000800181c                HAL_NVIC_SetPriority
 .text.HAL_NVIC_EnableIRQ
                0x0000000008001854       0x1c Drivers/STM32F4xx_HAL_Driver/Src/stm32f4xx_hal_cortex.o
                0x0000000008001854                HAL_NVIC_EnableIRQ
 .text.HAL_SYSTICK_Config
                0x0000000008001870       0x18 Drivers/STM32F4xx_HAL_Driver/Src/stm32f4xx_hal_cortex.o
                0x0000000008001870                HAL_SYSTICK_Config
 .text.HAL_NVIC_ClearPendingIRQ
                0x0000000008001888       0x1c Drivers/STM32F4xx_HAL_Driver/Src/stm32f4xx_hal_cortex.o
                0x0000000008001888                HAL_NVIC_ClearPendingIRQ
 .text.HAL_DMA_Abort_IT
                0x00000000080018a4       0x44 Drivers/STM32F4xx_HAL_Driver/Src/stm32f4xx_hal_dma.o
                0x00000000080018a4                HAL_DMA_Abort_IT
 .text.HAL_GPIO_Init
                0x00000000080018e8      0x334 Drivers/STM32F4xx_HAL_Driver/Src/stm32f4xx_hal_gpio.o
                0x00000000080018e8                HAL_GPIO_Init
 .text.HAL_GPIO_WritePin
                0x0000000008001c1c       0x32 Drivers/STM32F4xx_HAL_Driver/Src/stm32f4xx_hal_gpio.o
                0x0000000008001c1c                HAL_GPIO_WritePin
 *fill*         0x0000000008001c4e        0x2 
 .text.HAL_RCC_OscConfig
                0x0000000008001c50      0x4e0 Drivers/STM32F4xx_HAL_Driver/Src/stm32f4xx_hal_rcc.o
                0x0000000008001c50                HAL_RCC_OscConfig
 .text.HAL_RCC_ClockConfig
                0x0000000008002130      0x1cc Drivers/STM32F4xx_HAL_Driver/Src/stm32f4xx_hal_rcc.o
                0x0000000008002130                HAL_RCC_ClockConfig
 .text.HAL_RCC_GetSysClockFreq
                0x00000000080022fc      0x1b0 Drivers/STM32F4xx_HAL_Driver/Src/stm32f4xx_hal_rcc.o
                0x00000000080022fc                HAL_RCC_GetSysClockFreq
 .text.HAL_RCC_GetHCLKFreq
                0x00000000080024ac       0x18 Drivers/STM32F4xx_HAL_Driver/Src/stm32f4xx_hal_rcc.o
                0x00000000080024ac                HAL_RCC_GetHCLKFreq
 .text.HAL_RCC_GetPCLK1Freq
                0x00000000080024c4       0x28 Drivers/STM32F4xx_HAL_Driver/Src/stm32f4xx_hal_rcc.o
                0x00000000080024c4                HAL_RCC_GetPCLK1Freq
 .text.HAL_RCC_GetPCLK2Freq
                0x00000000080024ec       0x28 Drivers/STM32F4xx_HAL_Driver/Src/stm32f4xx_hal_rcc.o
                0x00000000080024ec                HAL_RCC_GetPCLK2Freq
 .text.HAL_UART_Init
                0x0000000008002514       0x9a Drivers/STM32F4xx_HAL_Driver/Src/stm32f4xx_hal_uart.o
                0x0000000008002514                HAL_UART_Init
 .text.HAL_UART_Transmit
                0x00000000080025ae      0x132 Drivers/STM32F4xx_HAL_Driver/Src/stm32f4xx_hal_uart.o
                0x00000000080025ae                HAL_UART_Transmit
 .text.HAL_UART_Receive_IT
                0x00000000080026e0       0xaa Drivers/STM32F4xx_HAL_Driver/Src/stm32f4xx_hal_uart.o
                0x00000000080026e0                HAL_UART_Receive_IT
 *fill*         0x000000000800278a        0x2 
 .text.HAL_UART_IRQHandler
                0x000000000800278c      0x200 Drivers/STM32F4xx_HAL_Driver/Src/stm32f4xx_hal_uart.o
                0x000000000800278c                HAL_UART_IRQHandler
 .text.HAL_UART_TxCpltCallback
                0x000000000800298c       0x14 Drivers/STM32F4xx_HAL_Driver/Src/stm32f4xx_hal_uart.o
                0x000000000800298c                HAL_UART_TxCpltCallback
 .text.HAL_UART_ErrorCallback
                0x00000000080029a0       0x14 Drivers/STM32F4xx_HAL_Driver/Src/stm32f4xx_hal_uart.o
                0x00000000080029a0                HAL_UART_ErrorCallback
 .text.UART_WaitOnFlagUntilTimeout
                0x00000000080029b4       0x94 Drivers/STM32F4xx_HAL_Driver/Src/stm32f4xx_hal_uart.o
 .text.UART_EndRxTransfer
                0x0000000008002a48       0x3c Drivers/STM32F4xx_HAL_Driver/Src/stm32f4xx_hal_uart.o
 .text.UART_DMAAbortOnError
                0x0000000008002a84       0x28 Drivers/STM32F4xx_HAL_Driver/Src/stm32f4xx_hal_uart.o
 .text.UART_Transmit_IT
                0x0000000008002aac       0xac Drivers/STM32F4xx_HAL_Driver/Src/stm32f4xx_hal_uart.o
 .text.UART_EndTransmit_IT
                0x0000000008002b58       0x30 Drivers/STM32F4xx_HAL_Driver/Src/stm32f4xx_hal_uart.o
 .text.UART_Receive_IT
                0x0000000008002b88      0x10a Drivers/STM32F4xx_HAL_Driver/Src/stm32f4xx_hal_uart.o
 *fill*         0x0000000008002c92        0x2 
 .text.UART_SetConfig
                0x0000000008002c94      0x6f8 Drivers/STM32F4xx_HAL_Driver/Src/stm32f4xx_hal_uart.o
 .text.__errno  0x000000000800338c        0xc c:/st/stm32cubeide_1.4.0/stm32cubeide/plugins/com.st.stm32cube.ide.mcu.externaltools.gnu-tools-for-stm32.7-2018-q2-update.win32_1.4.0.202007081208/tools/bin/../lib/gcc/arm-none-eabi/7.3.1/../../../../arm-none-eabi/lib/thumb/v7e-m/fpv4-sp/hard\libc_nano.a(lib_a-errno.o)
                0x000000000800338c                __errno
 .text.__libc_init_array
                0x0000000008003398       0x48 c:/st/stm32cubeide_1.4.0/stm32cubeide/plugins/com.st.stm32cube.ide.mcu.externaltools.gnu-tools-for-stm32.7-2018-q2-update.win32_1.4.0.202007081208/tools/bin/../lib/gcc/arm-none-eabi/7.3.1/../../../../arm-none-eabi/lib/thumb/v7e-m/fpv4-sp/hard\libc_nano.a(lib_a-init.o)
                0x0000000008003398                __libc_init_array
 .text.malloc   0x00000000080033e0       0x10 c:/st/stm32cubeide_1.4.0/stm32cubeide/plugins/com.st.stm32cube.ide.mcu.externaltools.gnu-tools-for-stm32.7-2018-q2-update.win32_1.4.0.202007081208/tools/bin/../lib/gcc/arm-none-eabi/7.3.1/../../../../arm-none-eabi/lib/thumb/v7e-m/fpv4-sp/hard\libc_nano.a(lib_a-malloc.o)
                0x00000000080033e0                malloc
 .text.memset   0x00000000080033f0       0x10 c:/st/stm32cubeide_1.4.0/stm32cubeide/plugins/com.st.stm32cube.ide.mcu.externaltools.gnu-tools-for-stm32.7-2018-q2-update.win32_1.4.0.202007081208/tools/bin/../lib/gcc/arm-none-eabi/7.3.1/../../../../arm-none-eabi/lib/thumb/v7e-m/fpv4-sp/hard\libc_nano.a(lib_a-memset.o)
                0x00000000080033f0                memset
 .text._malloc_r
                0x0000000008003400       0xb4 c:/st/stm32cubeide_1.4.0/stm32cubeide/plugins/com.st.stm32cube.ide.mcu.externaltools.gnu-tools-for-stm32.7-2018-q2-update.win32_1.4.0.202007081208/tools/bin/../lib/gcc/arm-none-eabi/7.3.1/../../../../arm-none-eabi/lib/thumb/v7e-m/fpv4-sp/hard\libc_nano.a(lib_a-nano-mallocr.o)
                0x0000000008003400                _malloc_r
 .text._sbrk_r  0x00000000080034b4       0x20 c:/st/stm32cubeide_1.4.0/stm32cubeide/plugins/com.st.stm32cube.ide.mcu.externaltools.gnu-tools-for-stm32.7-2018-q2-update.win32_1.4.0.202007081208/tools/bin/../lib/gcc/arm-none-eabi/7.3.1/../../../../arm-none-eabi/lib/thumb/v7e-m/fpv4-sp/hard\libc_nano.a(lib_a-sbrkr.o)
                0x00000000080034b4                _sbrk_r
 .text.__malloc_lock
                0x00000000080034d4        0x2 c:/st/stm32cubeide_1.4.0/stm32cubeide/plugins/com.st.stm32cube.ide.mcu.externaltools.gnu-tools-for-stm32.7-2018-q2-update.win32_1.4.0.202007081208/tools/bin/../lib/gcc/arm-none-eabi/7.3.1/../../../../arm-none-eabi/lib/thumb/v7e-m/fpv4-sp/hard\libc_nano.a(lib_a-mlock.o)
                0x00000000080034d4                __malloc_lock
 .text.__malloc_unlock
                0x00000000080034d6        0x2 c:/st/stm32cubeide_1.4.0/stm32cubeide/plugins/com.st.stm32cube.ide.mcu.externaltools.gnu-tools-for-stm32.7-2018-q2-update.win32_1.4.0.202007081208/tools/bin/../lib/gcc/arm-none-eabi/7.3.1/../../../../arm-none-eabi/lib/thumb/v7e-m/fpv4-sp/hard\libc_nano.a(lib_a-mlock.o)
                0x00000000080034d6                __malloc_unlock
 *(.glue_7)
 .glue_7        0x00000000080034d8        0x0 linker stubs
 *(.glue_7t)
 .glue_7t       0x00000000080034d8        0x0 linker stubs
 *(.eh_frame)
 .eh_frame      0x00000000080034d8        0x0 c:/st/stm32cubeide_1.4.0/stm32cubeide/plugins/com.st.stm32cube.ide.mcu.externaltools.gnu-tools-for-stm32.7-2018-q2-update.win32_1.4.0.202007081208/tools/bin/../lib/gcc/arm-none-eabi/7.3.1/thumb/v7e-m/fpv4-sp/hard/crtbegin.o
 *(.init)
 .init          0x00000000080034d8        0x4 c:/st/stm32cubeide_1.4.0/stm32cubeide/plugins/com.st.stm32cube.ide.mcu.externaltools.gnu-tools-for-stm32.7-2018-q2-update.win32_1.4.0.202007081208/tools/bin/../lib/gcc/arm-none-eabi/7.3.1/thumb/v7e-m/fpv4-sp/hard/crti.o
                0x00000000080034d8                _init
 .init          0x00000000080034dc        0x8 c:/st/stm32cubeide_1.4.0/stm32cubeide/plugins/com.st.stm32cube.ide.mcu.externaltools.gnu-tools-for-stm32.7-2018-q2-update.win32_1.4.0.202007081208/tools/bin/../lib/gcc/arm-none-eabi/7.3.1/thumb/v7e-m/fpv4-sp/hard/crtn.o
 *(.fini)
 .fini          0x00000000080034e4        0x4 c:/st/stm32cubeide_1.4.0/stm32cubeide/plugins/com.st.stm32cube.ide.mcu.externaltools.gnu-tools-for-stm32.7-2018-q2-update.win32_1.4.0.202007081208/tools/bin/../lib/gcc/arm-none-eabi/7.3.1/thumb/v7e-m/fpv4-sp/hard/crti.o
                0x00000000080034e4                _fini
 .fini          0x00000000080034e8        0x8 c:/st/stm32cubeide_1.4.0/stm32cubeide/plugins/com.st.stm32cube.ide.mcu.externaltools.gnu-tools-for-stm32.7-2018-q2-update.win32_1.4.0.202007081208/tools/bin/../lib/gcc/arm-none-eabi/7.3.1/thumb/v7e-m/fpv4-sp/hard/crtn.o
                0x00000000080034f0                . = ALIGN (0x4)
                0x00000000080034f0                _etext = .

.vfp11_veneer   0x00000000080034f0        0x0
 .vfp11_veneer  0x00000000080034f0        0x0 linker stubs

.v4_bx          0x00000000080034f0        0x0
 .v4_bx         0x00000000080034f0        0x0 linker stubs

.iplt           0x00000000080034f0        0x0
 .iplt          0x00000000080034f0        0x0 c:/st/stm32cubeide_1.4.0/stm32cubeide/plugins/com.st.stm32cube.ide.mcu.externaltools.gnu-tools-for-stm32.7-2018-q2-update.win32_1.4.0.202007081208/tools/bin/../lib/gcc/arm-none-eabi/7.3.1/thumb/v7e-m/fpv4-sp/hard/crtbegin.o

.rodata         0x00000000080034f0       0xa0
                0x00000000080034f0                . = ALIGN (0x4)
 *(.rodata)
 .rodata        0x00000000080034f0       0x87 Core/Src/gsm.o
 *(.rodata*)
 *fill*         0x0000000008003577        0x1 
 .rodata.AHBPrescTable
                0x0000000008003578       0x10 Core/Src/system_stm32f4xx.o
                0x0000000008003578                AHBPrescTable
 .rodata.APBPrescTable
                0x0000000008003588        0x8 Core/Src/system_stm32f4xx.o
                0x0000000008003588                APBPrescTable
                0x0000000008003590                . = ALIGN (0x4)

.ARM.extab      0x0000000008003590        0x0
                0x0000000008003590                . = ALIGN (0x4)
 *(.ARM.extab* .gnu.linkonce.armextab.*)
                0x0000000008003590                . = ALIGN (0x4)

.ARM            0x0000000008003590        0x8
                0x0000000008003590                . = ALIGN (0x4)
                0x0000000008003590                __exidx_start = .
 *(.ARM.exidx*)
 .ARM.exidx     0x0000000008003590        0x8 c:/st/stm32cubeide_1.4.0/stm32cubeide/plugins/com.st.stm32cube.ide.mcu.externaltools.gnu-tools-for-stm32.7-2018-q2-update.win32_1.4.0.202007081208/tools/bin/../lib/gcc/arm-none-eabi/7.3.1/thumb/v7e-m/fpv4-sp/hard\libgcc.a(_udivmoddi4.o)
                0x0000000008003598                __exidx_end = .
                0x0000000008003598                . = ALIGN (0x4)

.rel.dyn        0x0000000008003598        0x0
 .rel.iplt      0x0000000008003598        0x0 c:/st/stm32cubeide_1.4.0/stm32cubeide/plugins/com.st.stm32cube.ide.mcu.externaltools.gnu-tools-for-stm32.7-2018-q2-update.win32_1.4.0.202007081208/tools/bin/../lib/gcc/arm-none-eabi/7.3.1/thumb/v7e-m/fpv4-sp/hard/crtbegin.o

.preinit_array  0x0000000008003598        0x0
                0x0000000008003598                . = ALIGN (0x4)
                0x0000000008003598                PROVIDE (__preinit_array_start = .)
 *(.preinit_array*)
                0x0000000008003598                PROVIDE (__preinit_array_end = .)
                0x0000000008003598                . = ALIGN (0x4)

.init_array     0x0000000008003598        0x4
                0x0000000008003598                . = ALIGN (0x4)
                0x0000000008003598                PROVIDE (__init_array_start = .)
 *(SORT_BY_NAME(.init_array.*))
 *(.init_array*)
 .init_array    0x0000000008003598        0x4 c:/st/stm32cubeide_1.4.0/stm32cubeide/plugins/com.st.stm32cube.ide.mcu.externaltools.gnu-tools-for-stm32.7-2018-q2-update.win32_1.4.0.202007081208/tools/bin/../lib/gcc/arm-none-eabi/7.3.1/thumb/v7e-m/fpv4-sp/hard/crtbegin.o
                0x000000000800359c                PROVIDE (__init_array_end = .)
                0x000000000800359c                . = ALIGN (0x4)

.fini_array     0x000000000800359c        0x4
                0x000000000800359c                . = ALIGN (0x4)
                [!provide]                        PROVIDE (__fini_array_start = .)
 *(SORT_BY_NAME(.fini_array.*))
 *(.fini_array*)
 .fini_array    0x000000000800359c        0x4 c:/st/stm32cubeide_1.4.0/stm32cubeide/plugins/com.st.stm32cube.ide.mcu.externaltools.gnu-tools-for-stm32.7-2018-q2-update.win32_1.4.0.202007081208/tools/bin/../lib/gcc/arm-none-eabi/7.3.1/thumb/v7e-m/fpv4-sp/hard/crtbegin.o
                [!provide]                        PROVIDE (__fini_array_end = .)
                0x00000000080035a0                . = ALIGN (0x4)
                0x00000000080035a0                _sidata = LOADADDR (.data)

.data           0x0000000020000000      0xd90 load address 0x00000000080035a0
                0x0000000020000000                . = ALIGN (0x4)
                0x0000000020000000                _sdata = .
 *(.data)
 *(.data*)
 .data.ECHO     0x0000000020000000       0x78 Core/Src/gsm.o
                0x0000000020000000                ECHO
 .data.Sim_Detect
                0x0000000020000078       0x78 Core/Src/gsm.o
                0x0000000020000078                Sim_Detect
 .data.NetwrokRegistration
                0x00000000200000f0       0x78 Core/Src/gsm.o
                0x00000000200000f0                NetwrokRegistration
 .data.NetwrokRegistrationStatus
                0x0000000020000168       0x78 Core/Src/gsm.o
                0x0000000020000168                NetwrokRegistrationStatus
 .data.OperatorSelection
                0x00000000200001e0       0x78 Core/Src/gsm.o
                0x00000000200001e0                OperatorSelection
 .data.ReadOperatorName
                0x0000000020000258       0x78 Core/Src/gsm.o
                0x0000000020000258                ReadOperatorName
 .data.BaudSelection
                0x00000000200002d0       0x78 Core/Src/gsm.o
                0x00000000200002d0                BaudSelection
 .data.GPRSRegistration
                0x0000000020000348       0x78 Core/Src/gsm.o
                0x0000000020000348                GPRSRegistration
 .data.GPRSRegistrationStatus
                0x00000000200003c0       0x78 Core/Src/gsm.o
                0x00000000200003c0                GPRSRegistrationStatus
 .data.PDPAttachWrite
                0x0000000020000438       0x78 Core/Src/gsm.o
                0x0000000020000438                PDPAttachWrite
 .data.PDPStatus
                0x00000000200004b0       0x78 Core/Src/gsm.o
                0x00000000200004b0                PDPStatus
 .data.PDPActivate
                0x0000000020000528       0x78 Core/Src/gsm.o
                0x0000000020000528                PDPActivate
 .data.PDPDeactivate
                0x00000000200005a0       0x78 Core/Src/gsm.o
                0x00000000200005a0                PDPDeactivate
 .data.PDPActivateStatus
                0x0000000020000618       0x78 Core/Src/gsm.o
                0x0000000020000618                PDPActivateStatus
 .data.PDPContext
                0x0000000020000690       0x78 Core/Src/gsm.o
                0x0000000020000690                PDPContext
 .data.PDPContextStatus
                0x0000000020000708       0x78 Core/Src/gsm.o
                0x0000000020000708                PDPContextStatus
 .data.TCPIP_Application_Mode
                0x0000000020000780       0x78 Core/Src/gsm.o
                0x0000000020000780                TCPIP_Application_Mode
 .data.TCPIP_Application_Mode_Status
                0x00000000200007f8       0x78 Core/Src/gsm.o
                0x00000000200007f8                TCPIP_Application_Mode_Status
 .data.TCPIP_Connection
                0x0000000020000870       0x78 Core/Src/gsm.o
                0x0000000020000870                TCPIP_Connection
 .data.TCPIP_Connection_Status
                0x00000000200008e8       0x78 Core/Src/gsm.o
                0x00000000200008e8                TCPIP_Connection_Status
 .data.TCPIP_DataRetrieve
                0x0000000020000960       0x78 Core/Src/gsm.o
                0x0000000020000960                TCPIP_DataRetrieve
 .data.TCPIP_DataRetrieve_Status
                0x00000000200009d8       0x78 Core/Src/gsm.o
                0x00000000200009d8                TCPIP_DataRetrieve_Status
 .data.TCPIP_Connection_Establish
                0x0000000020000a50       0x78 Core/Src/gsm.o
                0x0000000020000a50                TCPIP_Connection_Establish
 .data.TCPIP_Connection_Establish_Status
                0x0000000020000ac8       0x78 Core/Src/gsm.o
                0x0000000020000ac8                TCPIP_Connection_Establish_Status
 .data.TCPIP_Close_Connection
                0x0000000020000b40       0x78 Core/Src/gsm.o
                0x0000000020000b40                TCPIP_Close_Connection
 .data.TCPIP_END_Connection
                0x0000000020000bb8       0x78 Core/Src/gsm.o
                0x0000000020000bb8                TCPIP_END_Connection
 .data.TCPIP_DataSend
                0x0000000020000c30       0x78 Core/Src/gsm.o
                0x0000000020000c30                TCPIP_DataSend
 .data.ServerResponse
                0x0000000020000ca8       0x78 Core/Src/gsm.o
                0x0000000020000ca8                ServerResponse
 .data.SystemCoreClock
                0x0000000020000d20        0x4 Core/Src/system_stm32f4xx.o
                0x0000000020000d20                SystemCoreClock
 .data.uwTickPrio
                0x0000000020000d24        0x4 Drivers/STM32F4xx_HAL_Driver/Src/stm32f4xx_hal.o
                0x0000000020000d24                uwTickPrio
 .data.uwTickFreq
                0x0000000020000d28        0x1 Drivers/STM32F4xx_HAL_Driver/Src/stm32f4xx_hal.o
                0x0000000020000d28                uwTickFreq
 *fill*         0x0000000020000d29        0x3 
 .data._impure_ptr
                0x0000000020000d2c        0x4 c:/st/stm32cubeide_1.4.0/stm32cubeide/plugins/com.st.stm32cube.ide.mcu.externaltools.gnu-tools-for-stm32.7-2018-q2-update.win32_1.4.0.202007081208/tools/bin/../lib/gcc/arm-none-eabi/7.3.1/../../../../arm-none-eabi/lib/thumb/v7e-m/fpv4-sp/hard\libc_nano.a(lib_a-impure.o)
                0x0000000020000d2c                _impure_ptr
 .data.impure_data
                0x0000000020000d30       0x60 c:/st/stm32cubeide_1.4.0/stm32cubeide/plugins/com.st.stm32cube.ide.mcu.externaltools.gnu-tools-for-stm32.7-2018-q2-update.win32_1.4.0.202007081208/tools/bin/../lib/gcc/arm-none-eabi/7.3.1/../../../../arm-none-eabi/lib/thumb/v7e-m/fpv4-sp/hard\libc_nano.a(lib_a-impure.o)
                0x0000000020000d90                . = ALIGN (0x4)
                0x0000000020000d90                _edata = .

.igot.plt       0x0000000020000d90        0x0 load address 0x0000000008004330
 .igot.plt      0x0000000020000d90        0x0 c:/st/stm32cubeide_1.4.0/stm32cubeide/plugins/com.st.stm32cube.ide.mcu.externaltools.gnu-tools-for-stm32.7-2018-q2-update.win32_1.4.0.202007081208/tools/bin/../lib/gcc/arm-none-eabi/7.3.1/thumb/v7e-m/fpv4-sp/hard/crtbegin.o
                0x0000000020000d90                . = ALIGN (0x4)

.bss            0x0000000020000d90      0xcfc load address 0x0000000008004330
                0x0000000020000d90                _sbss = .
                0x0000000020000d90                __bss_start__ = _sbss
 *(.bss)
 .bss           0x0000000020000d90       0x1c c:/st/stm32cubeide_1.4.0/stm32cubeide/plugins/com.st.stm32cube.ide.mcu.externaltools.gnu-tools-for-stm32.7-2018-q2-update.win32_1.4.0.202007081208/tools/bin/../lib/gcc/arm-none-eabi/7.3.1/thumb/v7e-m/fpv4-sp/hard/crtbegin.o
 *(.bss*)
 .bss.gsm_state
                0x0000000020000dac        0x1 Core/Src/gsm.o
 .bss.gprs_state
                0x0000000020000dad        0x1 Core/Src/gsm.o
 .bss.tcp_state
                0x0000000020000dae        0x1 Core/Src/gsm.o
 *fill*         0x0000000020000daf        0x1 
 .bss.AT_timer  0x0000000020000db0        0x4 Core/Src/gsm.o
                0x0000000020000db0                AT_timer
 .bss.__sbrk_heap_end
                0x0000000020000db4        0x4 Core/Src/sysmem.o
 .bss.__malloc_free_list
                0x0000000020000db8        0x4 c:/st/stm32cubeide_1.4.0/stm32cubeide/plugins/com.st.stm32cube.ide.mcu.externaltools.gnu-tools-for-stm32.7-2018-q2-update.win32_1.4.0.202007081208/tools/bin/../lib/gcc/arm-none-eabi/7.3.1/../../../../arm-none-eabi/lib/thumb/v7e-m/fpv4-sp/hard\libc_nano.a(lib_a-nano-mallocr.o)
                0x0000000020000db8                __malloc_free_list
 .bss.__malloc_sbrk_start
                0x0000000020000dbc        0x4 c:/st/stm32cubeide_1.4.0/stm32cubeide/plugins/com.st.stm32cube.ide.mcu.externaltools.gnu-tools-for-stm32.7-2018-q2-update.win32_1.4.0.202007081208/tools/bin/../lib/gcc/arm-none-eabi/7.3.1/../../../../arm-none-eabi/lib/thumb/v7e-m/fpv4-sp/hard\libc_nano.a(lib_a-nano-mallocr.o)
                0x0000000020000dbc                __malloc_sbrk_start
 *(COMMON)
 COMMON         0x0000000020000dc0       0x44 Core/Src/Peripheral_Init.o
                0x0000000020000dc0                AT_Flag
                0x0000000020000dc1                Uart_Rx_Buffer
                0x0000000020000dc4                huart2
 COMMON         0x0000000020000e04      0xc7c Core/Src/gsm.o
                0x0000000020000e04                gsm
 COMMON         0x0000000020001a80        0x4 Core/Src/systick_timer.o
                0x0000000020001a80                masterTimerList
 COMMON         0x0000000020001a84        0x4 Drivers/STM32F4xx_HAL_Driver/Src/stm32f4xx_hal.o
                0x0000000020001a84                uwTick
 COMMON         0x0000000020001a88        0x4 c:/st/stm32cubeide_1.4.0/stm32cubeide/plugins/com.st.stm32cube.ide.mcu.externaltools.gnu-tools-for-stm32.7-2018-q2-update.win32_1.4.0.202007081208/tools/bin/../lib/gcc/arm-none-eabi/7.3.1/../../../../arm-none-eabi/lib/thumb/v7e-m/fpv4-sp/hard\libc_nano.a(lib_a-reent.o)
                0x0000000020001a88                errno
                0x0000000020001a8c                . = ALIGN (0x4)
                0x0000000020001a8c                _ebss = .
                0x0000000020001a8c                __bss_end__ = _ebss

._user_heap_stack
                0x0000000020001a8c      0x604 load address 0x0000000008004330
                0x0000000020001a90                . = ALIGN (0x8)
 *fill*         0x0000000020001a8c        0x4 
                [!provide]                        PROVIDE (end = .)
                0x0000000020001a90                PROVIDE (_end = .)
                0x0000000020001c90                . = (. + _Min_Heap_Size)
 *fill*         0x0000000020001a90      0x200 
                0x0000000020002090                . = (. + _Min_Stack_Size)
 *fill*         0x0000000020001c90      0x400 
                0x0000000020002090                . = ALIGN (0x8)

/DISCARD/
 libc.a(*)
 libm.a(*)
 libgcc.a(*)

.ARM.attributes
                0x0000000000000000       0x30
 *(.ARM.attributes)
 .ARM.attributes
                0x0000000000000000       0x22 c:/st/stm32cubeide_1.4.0/stm32cubeide/plugins/com.st.stm32cube.ide.mcu.externaltools.gnu-tools-for-stm32.7-2018-q2-update.win32_1.4.0.202007081208/tools/bin/../lib/gcc/arm-none-eabi/7.3.1/thumb/v7e-m/fpv4-sp/hard/crti.o
 .ARM.attributes
                0x0000000000000022       0x34 c:/st/stm32cubeide_1.4.0/stm32cubeide/plugins/com.st.stm32cube.ide.mcu.externaltools.gnu-tools-for-stm32.7-2018-q2-update.win32_1.4.0.202007081208/tools/bin/../lib/gcc/arm-none-eabi/7.3.1/thumb/v7e-m/fpv4-sp/hard/crtbegin.o
 .ARM.attributes
                0x0000000000000056       0x39 Core/Src/Peripheral_Init.o
 .ARM.attributes
                0x000000000000008f       0x39 Core/Src/gsm.o
 .ARM.attributes
                0x00000000000000c8       0x39 Core/Src/main.o
 .ARM.attributes
                0x0000000000000101       0x39 Core/Src/stm32f4xx_hal_msp.o
 .ARM.attributes
                0x000000000000013a       0x39 Core/Src/stm32f4xx_it.o
 .ARM.attributes
                0x0000000000000173       0x39 Core/Src/sysmem.o
 .ARM.attributes
                0x00000000000001ac       0x39 Core/Src/system_stm32f4xx.o
 .ARM.attributes
                0x00000000000001e5       0x39 Core/Src/systick_timer.o
 .ARM.attributes
                0x000000000000021e       0x21 Core/Startup/startup_stm32f407vgtx.o
 .ARM.attributes
                0x000000000000023f       0x39 Drivers/STM32F4xx_HAL_Driver/Src/stm32f4xx_hal.o
 .ARM.attributes
                0x0000000000000278       0x39 Drivers/STM32F4xx_HAL_Driver/Src/stm32f4xx_hal_cortex.o
 .ARM.attributes
                0x00000000000002b1       0x39 Drivers/STM32F4xx_HAL_Driver/Src/stm32f4xx_hal_dma.o
 .ARM.attributes
                0x00000000000002ea       0x39 Drivers/STM32F4xx_HAL_Driver/Src/stm32f4xx_hal_gpio.o
 .ARM.attributes
                0x0000000000000323       0x39 Drivers/STM32F4xx_HAL_Driver/Src/stm32f4xx_hal_rcc.o
 .ARM.attributes
                0x000000000000035c       0x39 Drivers/STM32F4xx_HAL_Driver/Src/stm32f4xx_hal_uart.o
 .ARM.attributes
                0x0000000000000395       0x34 c:/st/stm32cubeide_1.4.0/stm32cubeide/plugins/com.st.stm32cube.ide.mcu.externaltools.gnu-tools-for-stm32.7-2018-q2-update.win32_1.4.0.202007081208/tools/bin/../lib/gcc/arm-none-eabi/7.3.1/../../../../arm-none-eabi/lib/thumb/v7e-m/fpv4-sp/hard\libc_nano.a(lib_a-errno.o)
 .ARM.attributes
                0x00000000000003c9       0x34 c:/st/stm32cubeide_1.4.0/stm32cubeide/plugins/com.st.stm32cube.ide.mcu.externaltools.gnu-tools-for-stm32.7-2018-q2-update.win32_1.4.0.202007081208/tools/bin/../lib/gcc/arm-none-eabi/7.3.1/../../../../arm-none-eabi/lib/thumb/v7e-m/fpv4-sp/hard\libc_nano.a(lib_a-impure.o)
 .ARM.attributes
                0x00000000000003fd       0x34 c:/st/stm32cubeide_1.4.0/stm32cubeide/plugins/com.st.stm32cube.ide.mcu.externaltools.gnu-tools-for-stm32.7-2018-q2-update.win32_1.4.0.202007081208/tools/bin/../lib/gcc/arm-none-eabi/7.3.1/../../../../arm-none-eabi/lib/thumb/v7e-m/fpv4-sp/hard\libc_nano.a(lib_a-init.o)
 .ARM.attributes
                0x0000000000000431       0x34 c:/st/stm32cubeide_1.4.0/stm32cubeide/plugins/com.st.stm32cube.ide.mcu.externaltools.gnu-tools-for-stm32.7-2018-q2-update.win32_1.4.0.202007081208/tools/bin/../lib/gcc/arm-none-eabi/7.3.1/../../../../arm-none-eabi/lib/thumb/v7e-m/fpv4-sp/hard\libc_nano.a(lib_a-malloc.o)
 .ARM.attributes
                0x0000000000000465       0x34 c:/st/stm32cubeide_1.4.0/stm32cubeide/plugins/com.st.stm32cube.ide.mcu.externaltools.gnu-tools-for-stm32.7-2018-q2-update.win32_1.4.0.202007081208/tools/bin/../lib/gcc/arm-none-eabi/7.3.1/../../../../arm-none-eabi/lib/thumb/v7e-m/fpv4-sp/hard\libc_nano.a(lib_a-memset.o)
 .ARM.attributes
                0x0000000000000499       0x34 c:/st/stm32cubeide_1.4.0/stm32cubeide/plugins/com.st.stm32cube.ide.mcu.externaltools.gnu-tools-for-stm32.7-2018-q2-update.win32_1.4.0.202007081208/tools/bin/../lib/gcc/arm-none-eabi/7.3.1/../../../../arm-none-eabi/lib/thumb/v7e-m/fpv4-sp/hard\libc_nano.a(lib_a-nano-mallocr.o)
 .ARM.attributes
                0x00000000000004cd       0x34 c:/st/stm32cubeide_1.4.0/stm32cubeide/plugins/com.st.stm32cube.ide.mcu.externaltools.gnu-tools-for-stm32.7-2018-q2-update.win32_1.4.0.202007081208/tools/bin/../lib/gcc/arm-none-eabi/7.3.1/../../../../arm-none-eabi/lib/thumb/v7e-m/fpv4-sp/hard\libc_nano.a(lib_a-sbrkr.o)
 .ARM.attributes
                0x0000000000000501       0x34 c:/st/stm32cubeide_1.4.0/stm32cubeide/plugins/com.st.stm32cube.ide.mcu.externaltools.gnu-tools-for-stm32.7-2018-q2-update.win32_1.4.0.202007081208/tools/bin/../lib/gcc/arm-none-eabi/7.3.1/../../../../arm-none-eabi/lib/thumb/v7e-m/fpv4-sp/hard\libc_nano.a(lib_a-mlock.o)
 .ARM.attributes
                0x0000000000000535       0x34 c:/st/stm32cubeide_1.4.0/stm32cubeide/plugins/com.st.stm32cube.ide.mcu.externaltools.gnu-tools-for-stm32.7-2018-q2-update.win32_1.4.0.202007081208/tools/bin/../lib/gcc/arm-none-eabi/7.3.1/../../../../arm-none-eabi/lib/thumb/v7e-m/fpv4-sp/hard\libc_nano.a(lib_a-reent.o)
 .ARM.attributes
                0x0000000000000569       0x22 c:/st/stm32cubeide_1.4.0/stm32cubeide/plugins/com.st.stm32cube.ide.mcu.externaltools.gnu-tools-for-stm32.7-2018-q2-update.win32_1.4.0.202007081208/tools/bin/../lib/gcc/arm-none-eabi/7.3.1/thumb/v7e-m/fpv4-sp/hard\libgcc.a(_aeabi_uldivmod.o)
 .ARM.attributes
                0x000000000000058b       0x34 c:/st/stm32cubeide_1.4.0/stm32cubeide/plugins/com.st.stm32cube.ide.mcu.externaltools.gnu-tools-for-stm32.7-2018-q2-update.win32_1.4.0.202007081208/tools/bin/../lib/gcc/arm-none-eabi/7.3.1/thumb/v7e-m/fpv4-sp/hard\libgcc.a(_udivmoddi4.o)
 .ARM.attributes
                0x00000000000005bf       0x22 c:/st/stm32cubeide_1.4.0/stm32cubeide/plugins/com.st.stm32cube.ide.mcu.externaltools.gnu-tools-for-stm32.7-2018-q2-update.win32_1.4.0.202007081208/tools/bin/../lib/gcc/arm-none-eabi/7.3.1/thumb/v7e-m/fpv4-sp/hard\libgcc.a(_dvmd_tls.o)
 .ARM.attributes
                0x00000000000005e1       0x22 c:/st/stm32cubeide_1.4.0/stm32cubeide/plugins/com.st.stm32cube.ide.mcu.externaltools.gnu-tools-for-stm32.7-2018-q2-update.win32_1.4.0.202007081208/tools/bin/../lib/gcc/arm-none-eabi/7.3.1/thumb/v7e-m/fpv4-sp/hard/crtn.o
OUTPUT(UART_INTERRUPT.elf elf32-littlearm)

.debug_info     0x0000000000000000     0xa294
 .debug_info    0x0000000000000000      0xcd3 Core/Src/Peripheral_Init.o
 .debug_info    0x0000000000000cd3     0x1190 Core/Src/gsm.o
 .debug_info    0x0000000000001e63      0xde8 Core/Src/main.o
 .debug_info    0x0000000000002c4b      0xbd6 Core/Src/stm32f4xx_hal_msp.o
 .debug_info    0x0000000000003821      0x91a Core/Src/stm32f4xx_it.o
 .debug_info    0x000000000000413b      0x985 Core/Src/sysmem.o
 .debug_info    0x0000000000004ac0      0x5ca Core/Src/system_stm32f4xx.o
 .debug_info    0x000000000000508a      0xb3e Core/Src/systick_timer.o
 .debug_info    0x0000000000005bc8       0x22 Core/Startup/startup_stm32f407vgtx.o
 .debug_info    0x0000000000005bea      0x9bb Drivers/STM32F4xx_HAL_Driver/Src/stm32f4xx_hal.o
 .debug_info    0x00000000000065a5      0xe9e Drivers/STM32F4xx_HAL_Driver/Src/stm32f4xx_hal_cortex.o
 .debug_info    0x0000000000007443      0x9de Drivers/STM32F4xx_HAL_Driver/Src/stm32f4xx_hal_dma.o
 .debug_info    0x0000000000007e21      0x815 Drivers/STM32F4xx_HAL_Driver/Src/stm32f4xx_hal_gpio.o
 .debug_info    0x0000000000008636      0x964 Drivers/STM32F4xx_HAL_Driver/Src/stm32f4xx_hal_rcc.o
 .debug_info    0x0000000000008f9a     0x12fa Drivers/STM32F4xx_HAL_Driver/Src/stm32f4xx_hal_uart.o

.debug_abbrev   0x0000000000000000     0x1e16
 .debug_abbrev  0x0000000000000000      0x1fe Core/Src/Peripheral_Init.o
 .debug_abbrev  0x00000000000001fe      0x323 Core/Src/gsm.o
 .debug_abbrev  0x0000000000000521      0x211 Core/Src/main.o
 .debug_abbrev  0x0000000000000732      0x1cb Core/Src/stm32f4xx_hal_msp.o
 .debug_abbrev  0x00000000000008fd      0x188 Core/Src/stm32f4xx_it.o
 .debug_abbrev  0x0000000000000a85      0x19b Core/Src/sysmem.o
 .debug_abbrev  0x0000000000000c20      0x15f Core/Src/system_stm32f4xx.o
 .debug_abbrev  0x0000000000000d7f      0x249 Core/Src/systick_timer.o
 .debug_abbrev  0x0000000000000fc8       0x12 Core/Startup/startup_stm32f407vgtx.o
 .debug_abbrev  0x0000000000000fda      0x1fb Drivers/STM32F4xx_HAL_Driver/Src/stm32f4xx_hal.o
 .debug_abbrev  0x00000000000011d5      0x316 Drivers/STM32F4xx_HAL_Driver/Src/stm32f4xx_hal_cortex.o
 .debug_abbrev  0x00000000000014eb      0x24e Drivers/STM32F4xx_HAL_Driver/Src/stm32f4xx_hal_dma.o
 .debug_abbrev  0x0000000000001739      0x1ee Drivers/STM32F4xx_HAL_Driver/Src/stm32f4xx_hal_gpio.o
 .debug_abbrev  0x0000000000001927      0x26a Drivers/STM32F4xx_HAL_Driver/Src/stm32f4xx_hal_rcc.o
 .debug_abbrev  0x0000000000001b91      0x285 Drivers/STM32F4xx_HAL_Driver/Src/stm32f4xx_hal_uart.o

.debug_aranges  0x0000000000000000      0x7b8
 .debug_aranges
                0x0000000000000000       0x38 Core/Src/Peripheral_Init.o
 .debug_aranges
                0x0000000000000038       0xa0 Core/Src/gsm.o
 .debug_aranges
                0x00000000000000d8       0x38 Core/Src/main.o
 .debug_aranges
                0x0000000000000110       0x30 Core/Src/stm32f4xx_hal_msp.o
 .debug_aranges
                0x0000000000000140       0x68 Core/Src/stm32f4xx_it.o
 .debug_aranges
                0x00000000000001a8       0x20 Core/Src/sysmem.o
 .debug_aranges
                0x00000000000001c8       0x28 Core/Src/system_stm32f4xx.o
 .debug_aranges
                0x00000000000001f0       0x58 Core/Src/systick_timer.o
 .debug_aranges
                0x0000000000000248       0x28 Core/Startup/startup_stm32f407vgtx.o
 .debug_aranges
                0x0000000000000270       0xf0 Drivers/STM32F4xx_HAL_Driver/Src/stm32f4xx_hal.o
 .debug_aranges
                0x0000000000000360      0x118 Drivers/STM32F4xx_HAL_Driver/Src/stm32f4xx_hal_cortex.o
 .debug_aranges
                0x0000000000000478       0x90 Drivers/STM32F4xx_HAL_Driver/Src/stm32f4xx_hal_dma.o
 .debug_aranges
                0x0000000000000508       0x58 Drivers/STM32F4xx_HAL_Driver/Src/stm32f4xx_hal_gpio.o
 .debug_aranges
                0x0000000000000560       0x88 Drivers/STM32F4xx_HAL_Driver/Src/stm32f4xx_hal_rcc.o
 .debug_aranges
                0x00000000000005e8      0x1d0 Drivers/STM32F4xx_HAL_Driver/Src/stm32f4xx_hal_uart.o

.debug_ranges   0x0000000000000000      0x700
 .debug_ranges  0x0000000000000000       0x28 Core/Src/Peripheral_Init.o
 .debug_ranges  0x0000000000000028       0xc0 Core/Src/gsm.o
 .debug_ranges  0x00000000000000e8       0x28 Core/Src/main.o
 .debug_ranges  0x0000000000000110       0x20 Core/Src/stm32f4xx_hal_msp.o
 .debug_ranges  0x0000000000000130       0x58 Core/Src/stm32f4xx_it.o
 .debug_ranges  0x0000000000000188       0x10 Core/Src/sysmem.o
 .debug_ranges  0x0000000000000198       0x18 Core/Src/system_stm32f4xx.o
 .debug_ranges  0x00000000000001b0       0x48 Core/Src/systick_timer.o
 .debug_ranges  0x00000000000001f8       0x20 Core/Startup/startup_stm32f407vgtx.o
 .debug_ranges  0x0000000000000218       0xe0 Drivers/STM32F4xx_HAL_Driver/Src/stm32f4xx_hal.o
 .debug_ranges  0x00000000000002f8      0x108 Drivers/STM32F4xx_HAL_Driver/Src/stm32f4xx_hal_cortex.o
 .debug_ranges  0x0000000000000400       0x80 Drivers/STM32F4xx_HAL_Driver/Src/stm32f4xx_hal_dma.o
 .debug_ranges  0x0000000000000480       0x48 Drivers/STM32F4xx_HAL_Driver/Src/stm32f4xx_hal_gpio.o
 .debug_ranges  0x00000000000004c8       0x78 Drivers/STM32F4xx_HAL_Driver/Src/stm32f4xx_hal_rcc.o
 .debug_ranges  0x0000000000000540      0x1c0 Drivers/STM32F4xx_HAL_Driver/Src/stm32f4xx_hal_uart.o

.debug_macro    0x0000000000000000    0x20064
 .debug_macro   0x0000000000000000      0x208 Core/Src/Peripheral_Init.o
 .debug_macro   0x0000000000000208      0xa5a Core/Src/Peripheral_Init.o
 .debug_macro   0x0000000000000c62      0x28e Core/Src/Peripheral_Init.o
 .debug_macro   0x0000000000000ef0       0x2e Core/Src/Peripheral_Init.o
 .debug_macro   0x0000000000000f1e       0x2f Core/Src/Peripheral_Init.o
 .debug_macro   0x0000000000000f4d       0x22 Core/Src/Peripheral_Init.o
 .debug_macro   0x0000000000000f6f       0x8e Core/Src/Peripheral_Init.o
 .debug_macro   0x0000000000000ffd       0x51 Core/Src/Peripheral_Init.o
 .debug_macro   0x000000000000104e       0xef Core/Src/Peripheral_Init.o
 .debug_macro   0x000000000000113d       0x6a Core/Src/Peripheral_Init.o
 .debug_macro   0x00000000000011a7      0x1df Core/Src/Peripheral_Init.o
 .debug_macro   0x0000000000001386       0x1c Core/Src/Peripheral_Init.o
 .debug_macro   0x00000000000013a2       0x22 Core/Src/Peripheral_Init.o
 .debug_macro   0x00000000000013c4       0xdf Core/Src/Peripheral_Init.o
 .debug_macro   0x00000000000014a3     0x102d Core/Src/Peripheral_Init.o
 .debug_macro   0x00000000000024d0      0x11f Core/Src/Peripheral_Init.o
 .debug_macro   0x00000000000025ef    0x15e3c Core/Src/Peripheral_Init.o
 .debug_macro   0x000000000001842b       0x43 Core/Src/Peripheral_Init.o
 .debug_macro   0x000000000001846e     0x3659 Core/Src/Peripheral_Init.o
 .debug_macro   0x000000000001bac7      0x174 Core/Src/Peripheral_Init.o
 .debug_macro   0x000000000001bc3b       0x5a Core/Src/Peripheral_Init.o
 .debug_macro   0x000000000001bc95      0x96b Core/Src/Peripheral_Init.o
 .debug_macro   0x000000000001c600      0x9fe Core/Src/Peripheral_Init.o
 .debug_macro   0x000000000001cffe      0x117 Core/Src/Peripheral_Init.o
 .debug_macro   0x000000000001d115      0x13e Core/Src/Peripheral_Init.o
 .debug_macro   0x000000000001d253       0x27 Core/Src/Peripheral_Init.o
 .debug_macro   0x000000000001d27a      0x174 Core/Src/Peripheral_Init.o
 .debug_macro   0x000000000001d3ee      0x287 Core/Src/Peripheral_Init.o
 .debug_macro   0x000000000001d675       0x5f Core/Src/Peripheral_Init.o
 .debug_macro   0x000000000001d6d4      0x236 Core/Src/Peripheral_Init.o
 .debug_macro   0x000000000001d90a      0x12c Core/Src/Peripheral_Init.o
 .debug_macro   0x000000000001da36      0x21e Core/Src/Peripheral_Init.o
 .debug_macro   0x000000000001dc54       0x2e Core/Src/Peripheral_Init.o
 .debug_macro   0x000000000001dc82      0x11a Core/Src/Peripheral_Init.o
 .debug_macro   0x000000000001dd9c       0x7e Core/Src/Peripheral_Init.o
 .debug_macro   0x000000000001de1a       0x89 Core/Src/Peripheral_Init.o
 .debug_macro   0x000000000001dea3      0x287 Core/Src/Peripheral_Init.o
 .debug_macro   0x000000000001e12a      0x12d Core/Src/Peripheral_Init.o
 .debug_macro   0x000000000001e257      0x192 Core/Src/Peripheral_Init.o
 .debug_macro   0x000000000001e3e9       0x10 Core/Src/Peripheral_Init.o
 .debug_macro   0x000000000001e3f9      0x202 Core/Src/gsm.o
 .debug_macro   0x000000000001e5fb      0x198 Core/Src/gsm.o
 .debug_macro   0x000000000001e793      0x213 Core/Src/main.o
 .debug_macro   0x000000000001e9a6      0x1c9 Core/Src/stm32f4xx_hal_msp.o
 .debug_macro   0x000000000001eb6f      0x1d3 Core/Src/stm32f4xx_it.o
 .debug_macro   0x000000000001ed42       0xee Core/Src/sysmem.o
 .debug_macro   0x000000000001ee30      0x23b Core/Src/sysmem.o
 .debug_macro   0x000000000001f06b      0x1c0 Core/Src/system_stm32f4xx.o
 .debug_macro   0x000000000001f22b      0x131 Core/Src/systick_timer.o
 .debug_macro   0x000000000001f35c       0x46 Core/Src/systick_timer.o
 .debug_macro   0x000000000001f3a2      0x10e Core/Src/systick_timer.o
 .debug_macro   0x000000000001f4b0       0x8d Core/Src/systick_timer.o
 .debug_macro   0x000000000001f53d      0x21a Drivers/STM32F4xx_HAL_Driver/Src/stm32f4xx_hal.o
 .debug_macro   0x000000000001f757      0x1ba Drivers/STM32F4xx_HAL_Driver/Src/stm32f4xx_hal_cortex.o
 .debug_macro   0x000000000001f911      0x1c0 Drivers/STM32F4xx_HAL_Driver/Src/stm32f4xx_hal_dma.o
 .debug_macro   0x000000000001fad1      0x1f0 Drivers/STM32F4xx_HAL_Driver/Src/stm32f4xx_hal_gpio.o
 .debug_macro   0x000000000001fcc1      0x1de Drivers/STM32F4xx_HAL_Driver/Src/stm32f4xx_hal_rcc.o
 .debug_macro   0x000000000001fe9f      0x1c5 Drivers/STM32F4xx_HAL_Driver/Src/stm32f4xx_hal_uart.o

.debug_line     0x0000000000000000     0x7414
 .debug_line    0x0000000000000000      0x758 Core/Src/Peripheral_Init.o
 .debug_line    0x0000000000000758      0x8f6 Core/Src/gsm.o
 .debug_line    0x000000000000104e      0x732 Core/Src/main.o
 .debug_line    0x0000000000001780      0x6c3 Core/Src/stm32f4xx_hal_msp.o
 .debug_line    0x0000000000001e43      0x747 Core/Src/stm32f4xx_it.o
 .debug_line    0x000000000000258a      0x4c7 Core/Src/sysmem.o
 .debug_line    0x0000000000002a51      0x6ab Core/Src/system_stm32f4xx.o
 .debug_line    0x00000000000030fc      0x5d0 Core/Src/systick_timer.o
 .debug_line    0x00000000000036cc       0x85 Core/Startup/startup_stm32f407vgtx.o
 .debug_line    0x0000000000003751      0x895 Drivers/STM32F4xx_HAL_Driver/Src/stm32f4xx_hal.o
 .debug_line    0x0000000000003fe6      0x9b9 Drivers/STM32F4xx_HAL_Driver/Src/stm32f4xx_hal_cortex.o
 .debug_line    0x000000000000499f      0x963 Drivers/STM32F4xx_HAL_Driver/Src/stm32f4xx_hal_dma.o
 .debug_line    0x0000000000005302      0x874 Drivers/STM32F4xx_HAL_Driver/Src/stm32f4xx_hal_gpio.o
 .debug_line    0x0000000000005b76      0x8ed Drivers/STM32F4xx_HAL_Driver/Src/stm32f4xx_hal_rcc.o
 .debug_line    0x0000000000006463      0xfb1 Drivers/STM32F4xx_HAL_Driver/Src/stm32f4xx_hal_uart.o

.debug_str      0x0000000000000000    0xc250c
 .debug_str     0x0000000000000000    0xbca26 Core/Src/Peripheral_Init.o
                                      0xbcd1c (size before relaxing)
 .debug_str     0x00000000000bca26      0x5f9 Core/Src/gsm.o
                                      0xbd135 (size before relaxing)
 .debug_str     0x00000000000bd01f      0x376 Core/Src/main.o
                                      0xbd1c5 (size before relaxing)
 .debug_str     0x00000000000bd395      0x521 Core/Src/stm32f4xx_hal_msp.o
                                      0xbcece (size before relaxing)
 .debug_str     0x00000000000bd8b6       0xcf Core/Src/stm32f4xx_it.o
                                      0xbcde3 (size before relaxing)
 .debug_str     0x00000000000bd985     0x2007 Core/Src/sysmem.o
                                       0x5f68 (size before relaxing)
 .debug_str     0x00000000000bf98c       0xc4 Core/Src/system_stm32f4xx.o
                                      0xbbf5a (size before relaxing)
 .debug_str     0x00000000000bfa50     0x15c3 Core/Src/systick_timer.o
                                       0x7099 (size before relaxing)
 .debug_str     0x00000000000c1013       0x36 Core/Startup/startup_stm32f407vgtx.o
                                         0x75 (size before relaxing)
 .debug_str     0x00000000000c1049      0x58d Drivers/STM32F4xx_HAL_Driver/Src/stm32f4xx_hal.o
                                      0xbca27 (size before relaxing)
 .debug_str     0x00000000000c15d6      0x384 Drivers/STM32F4xx_HAL_Driver/Src/stm32f4xx_hal_cortex.o
                                      0xbc816 (size before relaxing)
 .debug_str     0x00000000000c195a      0x31a Drivers/STM32F4xx_HAL_Driver/Src/stm32f4xx_hal_dma.o
                                      0xbc36f (size before relaxing)
 .debug_str     0x00000000000c1c74      0x13a Drivers/STM32F4xx_HAL_Driver/Src/stm32f4xx_hal_gpio.o
                                      0xbc185 (size before relaxing)
 .debug_str     0x00000000000c1dae      0x259 Drivers/STM32F4xx_HAL_Driver/Src/stm32f4xx_hal_rcc.o
                                      0xbc333 (size before relaxing)
 .debug_str     0x00000000000c2007      0x505 Drivers/STM32F4xx_HAL_Driver/Src/stm32f4xx_hal_uart.o
                                      0xbce25 (size before relaxing)

.comment        0x0000000000000000       0x7b
 .comment       0x0000000000000000       0x7b Core/Src/Peripheral_Init.o
                                         0x7c (size before relaxing)
 .comment       0x000000000000007b       0x7c Core/Src/gsm.o
 .comment       0x000000000000007b       0x7c Core/Src/main.o
 .comment       0x000000000000007b       0x7c Core/Src/stm32f4xx_hal_msp.o
 .comment       0x000000000000007b       0x7c Core/Src/stm32f4xx_it.o
 .comment       0x000000000000007b       0x7c Core/Src/sysmem.o
 .comment       0x000000000000007b       0x7c Core/Src/system_stm32f4xx.o
 .comment       0x000000000000007b       0x7c Core/Src/systick_timer.o
 .comment       0x000000000000007b       0x7c Drivers/STM32F4xx_HAL_Driver/Src/stm32f4xx_hal.o
 .comment       0x000000000000007b       0x7c Drivers/STM32F4xx_HAL_Driver/Src/stm32f4xx_hal_cortex.o
 .comment       0x000000000000007b       0x7c Drivers/STM32F4xx_HAL_Driver/Src/stm32f4xx_hal_dma.o
 .comment       0x000000000000007b       0x7c Drivers/STM32F4xx_HAL_Driver/Src/stm32f4xx_hal_gpio.o
 .comment       0x000000000000007b       0x7c Drivers/STM32F4xx_HAL_Driver/Src/stm32f4xx_hal_rcc.o
 .comment       0x000000000000007b       0x7c Drivers/STM32F4xx_HAL_Driver/Src/stm32f4xx_hal_uart.o

.debug_frame    0x0000000000000000     0x1ecc
 .debug_frame   0x0000000000000000       0x88 Core/Src/Peripheral_Init.o
 .debug_frame   0x0000000000000088      0x280 Core/Src/gsm.o
 .debug_frame   0x0000000000000308       0x94 Core/Src/main.o
 .debug_frame   0x000000000000039c       0x7c Core/Src/stm32f4xx_hal_msp.o
 .debug_frame   0x0000000000000418      0x128 Core/Src/stm32f4xx_it.o
 .debug_frame   0x0000000000000540       0x34 Core/Src/sysmem.o
 .debug_frame   0x0000000000000574       0x58 Core/Src/system_stm32f4xx.o
 .debug_frame   0x00000000000005cc      0x144 Core/Src/systick_timer.o
 .debug_frame   0x0000000000000710      0x374 Drivers/STM32F4xx_HAL_Driver/Src/stm32f4xx_hal.o
 .debug_frame   0x0000000000000a84      0x498 Drivers/STM32F4xx_HAL_Driver/Src/stm32f4xx_hal_cortex.o
 .debug_frame   0x0000000000000f1c      0x250 Drivers/STM32F4xx_HAL_Driver/Src/stm32f4xx_hal_dma.o
 .debug_frame   0x000000000000116c      0x14c Drivers/STM32F4xx_HAL_Driver/Src/stm32f4xx_hal_gpio.o
 .debug_frame   0x00000000000012b8      0x1f0 Drivers/STM32F4xx_HAL_Driver/Src/stm32f4xx_hal_rcc.o
 .debug_frame   0x00000000000014a8      0x844 Drivers/STM32F4xx_HAL_Driver/Src/stm32f4xx_hal_uart.o
 .debug_frame   0x0000000000001cec       0x20 c:/st/stm32cubeide_1.4.0/stm32cubeide/plugins/com.st.stm32cube.ide.mcu.externaltools.gnu-tools-for-stm32.7-2018-q2-update.win32_1.4.0.202007081208/tools/bin/../lib/gcc/arm-none-eabi/7.3.1/../../../../arm-none-eabi/lib/thumb/v7e-m/fpv4-sp/hard\libc_nano.a(lib_a-errno.o)
 .debug_frame   0x0000000000001d0c       0x2c c:/st/stm32cubeide_1.4.0/stm32cubeide/plugins/com.st.stm32cube.ide.mcu.externaltools.gnu-tools-for-stm32.7-2018-q2-update.win32_1.4.0.202007081208/tools/bin/../lib/gcc/arm-none-eabi/7.3.1/../../../../arm-none-eabi/lib/thumb/v7e-m/fpv4-sp/hard\libc_nano.a(lib_a-init.o)
 .debug_frame   0x0000000000001d38       0x30 c:/st/stm32cubeide_1.4.0/stm32cubeide/plugins/com.st.stm32cube.ide.mcu.externaltools.gnu-tools-for-stm32.7-2018-q2-update.win32_1.4.0.202007081208/tools/bin/../lib/gcc/arm-none-eabi/7.3.1/../../../../arm-none-eabi/lib/thumb/v7e-m/fpv4-sp/hard\libc_nano.a(lib_a-malloc.o)
 .debug_frame   0x0000000000001d68       0x20 c:/st/stm32cubeide_1.4.0/stm32cubeide/plugins/com.st.stm32cube.ide.mcu.externaltools.gnu-tools-for-stm32.7-2018-q2-update.win32_1.4.0.202007081208/tools/bin/../lib/gcc/arm-none-eabi/7.3.1/../../../../arm-none-eabi/lib/thumb/v7e-m/fpv4-sp/hard\libc_nano.a(lib_a-memset.o)
 .debug_frame   0x0000000000001d88       0x2c c:/st/stm32cubeide_1.4.0/stm32cubeide/plugins/com.st.stm32cube.ide.mcu.externaltools.gnu-tools-for-stm32.7-2018-q2-update.win32_1.4.0.202007081208/tools/bin/../lib/gcc/arm-none-eabi/7.3.1/../../../../arm-none-eabi/lib/thumb/v7e-m/fpv4-sp/hard\libc_nano.a(lib_a-nano-mallocr.o)
 .debug_frame   0x0000000000001db4       0x2c c:/st/stm32cubeide_1.4.0/stm32cubeide/plugins/com.st.stm32cube.ide.mcu.externaltools.gnu-tools-for-stm32.7-2018-q2-update.win32_1.4.0.202007081208/tools/bin/../lib/gcc/arm-none-eabi/7.3.1/../../../../arm-none-eabi/lib/thumb/v7e-m/fpv4-sp/hard\libc_nano.a(lib_a-sbrkr.o)
 .debug_frame   0x0000000000001de0       0x30 c:/st/stm32cubeide_1.4.0/stm32cubeide/plugins/com.st.stm32cube.ide.mcu.externaltools.gnu-tools-for-stm32.7-2018-q2-update.win32_1.4.0.202007081208/tools/bin/../lib/gcc/arm-none-eabi/7.3.1/../../../../arm-none-eabi/lib/thumb/v7e-m/fpv4-sp/hard\libc_nano.a(lib_a-mlock.o)
 .debug_frame   0x0000000000001e10       0x5c c:/st/stm32cubeide_1.4.0/stm32cubeide/plugins/com.st.stm32cube.ide.mcu.externaltools.gnu-tools-for-stm32.7-2018-q2-update.win32_1.4.0.202007081208/tools/bin/../lib/gcc/arm-none-eabi/7.3.1/../../../../arm-none-eabi/lib/thumb/v7e-m/fpv4-sp/hard\libc_nano.a(lib_a-reent.o)
 .debug_frame   0x0000000000001e6c       0x2c c:/st/stm32cubeide_1.4.0/stm32cubeide/plugins/com.st.stm32cube.ide.mcu.externaltools.gnu-tools-for-stm32.7-2018-q2-update.win32_1.4.0.202007081208/tools/bin/../lib/gcc/arm-none-eabi/7.3.1/thumb/v7e-m/fpv4-sp/hard\libgcc.a(_aeabi_uldivmod.o)
 .debug_frame   0x0000000000001e98       0x34 c:/st/stm32cubeide_1.4.0/stm32cubeide/plugins/com.st.stm32cube.ide.mcu.externaltools.gnu-tools-for-stm32.7-2018-q2-update.win32_1.4.0.202007081208/tools/bin/../lib/gcc/arm-none-eabi/7.3.1/thumb/v7e-m/fpv4-sp/hard\libgcc.a(_udivmoddi4.o)
