stm32f4xx_hal_uart.c:324:19:HAL_UART_Init	16	static
stm32f4xx_hal_uart.c:401:19:HAL_HalfDuplex_Init	16	static
stm32f4xx_hal_uart.c:474:19:HAL_LIN_Init	16	static
stm32f4xx_hal_uart.c:555:19:HAL_MultiProcessor_Init	24	static
stm32f4xx_hal_uart.c:632:19:HAL_UART_DeInit	16	static
stm32f4xx_hal_uart.c:676:13:HAL_UART_MspInit	16	static
stm32f4xx_hal_uart.c:691:13:HAL_UART_MspDeInit	16	static
stm32f4xx_hal_uart.c:1031:19:HAL_UART_Transmit	40	static
stm32f4xx_hal_uart.c:1117:19:HAL_UART_Receive	40	static
stm32f4xx_hal_uart.c:1208:19:HAL_UART_Transmit_IT	24	static
stm32f4xx_hal_uart.c:1253:19:HAL_UART_Receive_IT	24	static
stm32f4xx_hal_uart.c:1305:19:HAL_UART_Transmit_DMA	32	static
stm32f4xx_hal_uart.c:1373:19:HAL_UART_Receive_DMA	32	static
stm32f4xx_hal_uart.c:1440:19:HAL_UART_DMAPause	24	static
stm32f4xx_hal_uart.c:1477:19:HAL_UART_DMAResume	24	static
stm32f4xx_hal_uart.c:1513:19:HAL_UART_DMAStop	24	static
stm32f4xx_hal_uart.c:1565:19:HAL_UART_Abort	16	static
stm32f4xx_hal_uart.c:1647:19:HAL_UART_AbortTransmit	16	static
stm32f4xx_hal_uart.c:1698:19:HAL_UART_AbortReceive	16	static
stm32f4xx_hal_uart.c:1752:19:HAL_UART_Abort_IT	24	static
stm32f4xx_hal_uart.c:1880:19:HAL_UART_AbortTransmit_IT	16	static
stm32f4xx_hal_uart.c:1957:19:HAL_UART_AbortReceive_IT	16	static
stm32f4xx_hal_uart.c:2027:6:HAL_UART_IRQHandler	40	static
stm32f4xx_hal_uart.c:2173:13:HAL_UART_TxCpltCallback	16	static
stm32f4xx_hal_uart.c:2188:13:HAL_UART_TxHalfCpltCallback	16	static
stm32f4xx_hal_uart.c:2203:13:HAL_UART_RxCpltCallback	16	static
stm32f4xx_hal_uart.c:2218:13:HAL_UART_RxHalfCpltCallback	16	static
stm32f4xx_hal_uart.c:2233:13:HAL_UART_ErrorCallback	16	static
stm32f4xx_hal_uart.c:2247:13:HAL_UART_AbortCpltCallback	16	static
stm32f4xx_hal_uart.c:2262:13:HAL_UART_AbortTransmitCpltCallback	16	static
stm32f4xx_hal_uart.c:2277:13:HAL_UART_AbortReceiveCpltCallback	16	static
stm32f4xx_hal_uart.c:2316:19:HAL_LIN_SendBreak	16	static
stm32f4xx_hal_uart.c:2343:19:HAL_MultiProcessor_EnterMuteMode	16	static
stm32f4xx_hal_uart.c:2370:19:HAL_MultiProcessor_ExitMuteMode	16	static
stm32f4xx_hal_uart.c:2397:19:HAL_HalfDuplex_EnableTransmitter	24	static
stm32f4xx_hal_uart.c:2432:19:HAL_HalfDuplex_EnableReceiver	24	static
stm32f4xx_hal_uart.c:2489:23:HAL_UART_GetState	24	static
stm32f4xx_hal_uart.c:2504:10:HAL_UART_GetError	16	static
stm32f4xx_hal_uart.c:2548:13:UART_DMATransmitCplt	24	static
stm32f4xx_hal_uart.c:2583:13:UART_DMATxHalfCplt	24	static
stm32f4xx_hal_uart.c:2602:13:UART_DMAReceiveCplt	24	static
stm32f4xx_hal_uart.c:2636:13:UART_DMARxHalfCplt	24	static
stm32f4xx_hal_uart.c:2655:13:UART_DMAError	24	static
stm32f4xx_hal_uart.c:2696:26:UART_WaitOnFlagUntilTimeout	24	static
stm32f4xx_hal_uart.c:2728:13:UART_EndTxTransfer	16	static
stm32f4xx_hal_uart.c:2742:13:UART_EndRxTransfer	16	static
stm32f4xx_hal_uart.c:2759:13:UART_DMAAbortOnError	24	static
stm32f4xx_hal_uart.c:2783:13:UART_DMATxAbortCallback	24	static
stm32f4xx_hal_uart.c:2828:13:UART_DMARxAbortCallback	24	static
stm32f4xx_hal_uart.c:2873:13:UART_DMATxOnlyAbortCallback	24	static
stm32f4xx_hal_uart.c:2901:13:UART_DMARxOnlyAbortCallback	24	static
stm32f4xx_hal_uart.c:2926:26:UART_Transmit_IT	24	static
stm32f4xx_hal_uart.c:2973:26:UART_EndTransmit_IT	16	static
stm32f4xx_hal_uart.c:2998:26:UART_Receive_IT	24	static
stm32f4xx_hal_uart.c:3092:13:UART_SetConfig	56	static
