gsm.c:69:9:Send_AT_Command	24	static
gsm.c:97:6:gsm_sim_Status	4	static
gsm.c:122:6:gsm_ccid	72	static
gsm.c:142:6:gsm_imsi	56	static
gsm.c:163:6:gsm_imei	56	static
gsm.c:184:6:network_registration_status	4	static
gsm.c:196:6:network_signal_strength	56	static
gsm.c:217:6:cops	16	static
gsm.c:231:6:copn	16	static
gsm.c:245:6:serverdata	16	static
gsm.c:260:6:cnbp	16	static
gsm.c:275:6:gprs_registration_status	16	static
gsm.c:311:6:gsm_data	8	static
gsm.c:319:6:VerifyResponseCommand	16	static
gsm.c:341:16:jump_char_fixed	16	static
gsm.c:347:6:gsmtask	88	static
gsm.c:626:6:HAL_UART_RxCpltCallback	16	static
