gsm.c:74:9:Send_AT_Command	24	static
gsm.c:102:6:gsm_sim_Status	24	static
gsm.c:120:6:gsm_ccid	24	static
gsm.c:140:6:gsm_imsi	24	static
gsm.c:161:6:gsm_imei	24	static
gsm.c:182:6:network_registration_status	16	static
gsm.c:194:6:date	64	static
gsm.c:221:6:time	64	static
gsm.c:247:6:network_signal_strength	24	static
gsm.c:268:6:cops	16	static
gsm.c:282:6:copn	16	static
gsm.c:297:6:cnbp	16	static
gsm.c:325:6:gprs_registration_status	16	static
gsm.c:337:6:gsm_data	8	static
gsm.c:345:6:VerifyResponseCommand	16	static
gsm.c:357:16:jump_char_fixed	16	static
gsm.c:363:6:gsmtask	8	static
gsm.c:665:6:HAL_UART_RxCpltCallback	16	static
